// Jest Snapshot v1, https://goo.gl/fbAQLP

exports[`QuitSession matches snapshot 1`] = `
<body>
  <div>
    <div
      class="makeStyles-grid-1"
    >
      <h1
        class="MuiTypography-root MuiTypography-h1"
      >
        Quit Session
      </h1>
      <div>
        <p
          class="MuiTypography-root MuiTypography-body1"
        >
          Are you sure you want to quit 
          <i />
           with
           
          <i />
          ?
        </p>
      </div>
      <div
        class="MuiCardActions-root makeStyles-btnGroup-3 MuiCardActions-spacing"
      >
        <button
          class="MuiButtonBase-root MuiButton-root MuiButton-text"
          tabindex="0"
          type="button"
        >
          <span
            class="MuiButton-label"
          >
            Cancel
          </span>
          <span
            class="MuiTouchRipple-root"
          />
        </button>
        <button
          class="MuiButtonBase-root MuiButton-root MuiButton-contained makeStyles-btn-2 MuiButton-containedPrimary"
          tabindex="0"
          type="button"
        >
          <span
            class="MuiButton-label"
          >
            Quit session
          </span>
          <span
            class="MuiTouchRipple-root"
          />
        </button>
      </div>
    </div>
  </div>
</body>
`;
