// Jest Snapshot v1, https://goo.gl/fbAQLP

exports[`container matches snapshot 1`] = `
<body>
  <div>
    <div
      class="MuiPaper-root MuiCard-root makeStyles-card-1 MuiPaper-outlined MuiPaper-rounded"
    >
      <div
        class="MuiCardContent-root"
      >
        <div
          class="makeStyles-header-2"
        >
          <h2
            class="MuiTypography-root MuiTypography-h2 MuiTypography-noWrap"
          >
            Cognitive Load
          </h2>
          <div
            class="makeStyles-menu-3"
          >
            <button
              aria-label="info"
              class="MuiButtonBase-root MuiIconButton-root makeStyles-iconButton-4 makeStyles-infoIcon-5"
              tabindex="0"
              type="button"
            >
              <span
                class="MuiIconButton-label"
              >
                <svg
                  aria-hidden="true"
                  class="MuiSvgIcon-root MuiSvgIcon-colorAction"
                  focusable="false"
                  viewBox="0 0 24 24"
                >
                  <path
                    d="M11 7h2v2h-2zm0 4h2v6h-2zm1-9C6.48 2 2 6.48 2 12s4.48 10 10 10 10-4.48 10-10S17.52 2 12 2zm0 18c-4.41 0-8-3.59-8-8s3.59-8 8-8 8 3.59 8 8-3.59 8-8 8z"
                  />
                </svg>
              </span>
            </button>
            <button
              aria-label="settings"
              class="MuiButtonBase-root MuiIconButton-root makeStyles-iconButton-4"
              tabindex="0"
              type="button"
            >
              <span
                class="MuiIconButton-label"
              >
                <svg
                  aria-hidden="true"
                  class="MuiSvgIcon-root MuiSvgIcon-colorAction"
                  focusable="false"
                  viewBox="0 0 24 24"
                >
                  <path
                    d="M12 8c1.1 0 2-.9 2-2s-.9-2-2-2-2 .9-2 2 .9 2 2 2zm0 2c-1.1 0-2 .9-2 2s.9 2 2 2 2-.9 2-2-.9-2-2-2zm0 6c-1.1 0-2 .9-2 2s.9 2 2 2 2-.9 2-2-.9-2-2-2z"
                  />
                </svg>
              </span>
              <span
                class="MuiTouchRipple-root"
              />
            </button>
          </div>
        </div>
        <div>
          Insert chart component here
        </div>
      </div>
      <svg
        aria-hidden="true"
        class="MuiSvgIcon-root makeStyles-resizeIcon-6 MuiSvgIcon-colorAction"
        focusable="false"
        viewBox="0 0 24 24"
      >
        <path
          d="M24 24H19.2V19.2H24V24ZM24 14.4H19.2V9.6H24V14.4ZM14.4 24H9.6V19.2H14.4V24ZM14.4 14.4H9.6V9.6H14.4V14.4ZM4.8 24H0V19.2H4.8V24ZM24 4.8H19.2V0H24V4.8Z"
        />
      </svg>
    </div>
  </div>
  <div
    aria-hidden="true"
    class="MuiPopover-root"
    data-testid="dropdown-menu"
    role="presentation"
    style="position: fixed; z-index: 1300; right: 0px; bottom: 0px; top: 0px; left: 0px; visibility: hidden;"
  >
    <div
      data-test="sentinelStart"
      tabindex="0"
    />
    <div
      class="MuiPaper-root MuiMenu-paper MuiPopover-paper MuiPaper-elevation3 MuiPaper-rounded"
      style="opacity: 0; transform: scale(0.75, 0.5625); visibility: hidden;"
      tabindex="-1"
    >
      <ul
        class="MuiList-root MuiMenu-list MuiList-padding"
        role="menu"
        tabindex="0"
      >
        <ul
          class="MuiList-root makeStyles-menuList-11 MuiList-dense MuiList-padding"
          role="menu"
          tabindex="0"
        >
          <li
            aria-disabled="false"
            aria-label="show less"
            class="MuiButtonBase-root MuiListItem-root MuiMenuItem-root MuiMenuItem-gutters MuiListItem-dense MuiMenuItem-dense MuiListItem-gutters MuiListItem-button"
            role="menuitem"
            tabindex="0"
          >
            <div
              class="MuiListItemIcon-root"
            >
              <svg
                aria-hidden="true"
                class="MuiSvgIcon-root"
                focusable="false"
                viewBox="0 0 24 24"
              >
                <path
                  d="M15.5 14h-.79l-.28-.27C15.41 12.59 16 11.11 16 9.5 16 5.91 13.09 3 9.5 3S3 5.91 3 9.5 5.91 16 9.5 16c1.61 0 3.09-.59 4.23-1.57l.27.28v.79l5 4.99L20.49 19l-4.99-5zm-6 0C7.01 14 5 11.99 5 9.5S7.01 5 9.5 5 14 7.01 14 9.5 11.99 14 9.5 14zM7 9h5v1H7z"
                />
              </svg>
            </div>
            <span
              class="MuiTypography-root"
            >
              Show less
            </span>
            <span
              class="MuiTouchRipple-root"
            />
          </li>
          <li
            aria-disabled="false"
            aria-label="remove view"
            class="MuiButtonBase-root MuiListItem-root MuiMenuItem-root MuiMenuItem-gutters MuiListItem-dense MuiMenuItem-dense MuiListItem-gutters MuiListItem-button"
            role="menuitem"
            tabindex="-1"
          >
            <div
              class="MuiListItemIcon-root"
            >
              <svg
                aria-hidden="true"
                class="MuiSvgIcon-root"
                focusable="false"
                viewBox="0 0 24 24"
              >
                <path
                  d="M16 9v10H8V9h8m-1.5-6h-5l-1 1H5v2h14V4h-3.5l-1-1zM18 7H6v12c0 1.1.9 2 2 2h8c1.1 0 2-.9 2-2V7z"
                />
              </svg>
            </div>
            <span
              class="MuiTypography-root"
            >
              Remove view
            </span>
            <span
              class="MuiTouchRipple-root"
            />
          </li>
        </ul>
      </ul>
    </div>
    <div
      data-test="sentinelEnd"
      tabindex="0"
    />
  </div>
</body>
`;
