// Jest Snapshot v1, https://goo.gl/fbAQLP

exports[`AddStudentPopup matches snapshot 1`] = `
<body>
  <div>
    <div
      class="makeStyles-form-1"
    >
      <h1
        class="MuiTypography-root MuiTypography-h1"
        style="color: rgb(0, 0, 0);"
      >
        Add Student
      </h1>
      <div
        class="MuiFormControl-root MuiTextField-root makeStyles-inputNewStudentName-2"
      >
        <label
          class="MuiFormLabel-root MuiInputLabel-root MuiInputLabel-formControl MuiInputLabel-animated"
          data-shrink="false"
        >
          Student name
        </label>
        <div
          class="MuiInputBase-root MuiInput-root MuiInput-underline MuiInputBase-formControl MuiInput-formControl"
        >
          <input
            aria-invalid="false"
            class="MuiInputBase-input MuiInput-input"
            data-testid="content-input"
            type="text"
            value=""
          />
        </div>
      </div>
      <div
        class="MuiCardActions-root MuiCardActions-spacing"
        style="width: 100%; justify-content: flex-end;"
      >
        <button
          class="MuiButtonBase-root MuiButton-root MuiButton-text makeStyles-btn-3"
          tabindex="0"
          type="button"
        >
          <span
            class="MuiButton-label"
          >
            Cancel
          </span>
          <span
            class="MuiTouchRipple-root"
          />
        </button>
        <button
          class="MuiButtonBase-root MuiButton-root MuiButton-contained makeStyles-btn-3 MuiButton-containedPrimary"
          tabindex="0"
          type="button"
        >
          <span
            class="MuiButton-label"
          >
            <span
              class="MuiButton-startIcon MuiButton-iconSizeMedium"
            >
              <svg
                aria-hidden="true"
                class="MuiSvgIcon-root"
                focusable="false"
                viewBox="0 0 24 24"
              >
                <path
                  d="M19 13h-6v6h-2v-6H5v-2h6V5h2v6h6v2z"
                />
              </svg>
            </span>
            Add student
          </span>
          <span
            class="MuiTouchRipple-root"
          />
        </button>
      </div>
    </div>
  </div>
</body>
`;
